// Jest Snapshot v1, https://goo.gl/fbAQLP

exports[`icon xxx 1`] = `
<svg
  aria-hidden="true"
  className="icon"
>
  <use
    xlinkHref="wechat"
  />
</svg>
`;
